// Jest Snapshot v1, https://goo.gl/fbAQLP

exports[`Testing component 'Container' : should render with 4 div elements 1`] = `
<div>
  <div
    style="max-width: 900px; margin: auto;"
  >
    <div>
      1
    </div>
    <div>
      2
    </div>
    <div>
      3
    </div>
    <div>
      4
    </div>
  </div>
</div>
`;
