// Jest Snapshot v1, https://goo.gl/fbAQLP

exports[`Testing component 'CarCard' : should render with provided linkWrapper as Fragment 1`] = `
<div>
  <div
    class="ucm-ui-car-card"
    style="background-color: whitesmoke; display: flex; flex-direction: column;"
  >
    <img
      src="/assets/test.svg"
      style="object-fit: cover; width: 100%;"
    />
    <span
      style="font-size: large; margin: 0.3rem .6rem; display: flex;"
    >
      BMW M2
    </span>
    <span
      style="font-size: medium; margin: 0.3rem .6rem; display: flex;"
    >
      â‚¬39000.00
    </span>
    <span
      style="font-size: small; margin: 0.3rem .6rem .6rem; display: flex; flex: 1;"
    >
      test description
    </span>
  </div>
</div>
`;
